{
  "endpoint": "http://localhost:8100/query",
  "method": "POST",
  "data": {
    "collection": "People",
    "arguments": {},
    "query": {
      "fields": {
        "first_name": {
          "type": "column",
          "column": "FirstName"
        },
        "last_name": {
          "type": "column",
          "column": "LastName"
        }
      },
      "order_by": {
        "elements": [
          {
            "target": {
              "type": "column",
              "name": "LastName",
              "path": []
            },
            "order_direction": "asc"
          }
        ]
      }
    },
    "collection_relationships": {}
  }
}
