{
  "endpoint": "http://localhost:8100/query",
  "method": "POST",
  "data": {
    "collection": "People",
    "arguments": {},
    "query": {
        "fields": {
            "first_name": {
                "type": "column",
                "column": "FirstName"
            },
            "last_name": {
                "type": "column",
                "column": "LastName"
            },
            "best_friend": {
                "type": "relationship",
                "arguments": {},
                "relationship": "BestFriend",
                "query": {
                    "fields": {
                        "first_name": {
                            "type": "column",
                            "column": "FirstName"
                        },
                        "last_name": {
                            "type": "column",
                            "column": "LastName"
                        }
                    }
                }
            }
        }
    },
    "collection_relationships": {
        "BestFriends": {
            "arguments": {},
            "column_mapping": {
                "BestFriend": "UserName"
            },
            "relationship_type": "object",
            "source_collection_or_type": "People",
            "target_collection": "People"
        }
    }
  }
}
