{
  "endpoint": "http://localhost:8100/schema",
  "method": "GET",
  "data": {}
}
